/Users/pizasukeruton/Desktop/theexpanse/backend/expanse/routes/events.js
/Users/pizasukeruton/Desktop/theexpanse/backend/expanse/routes/council.js
/Users/pizasukeruton/Desktop/theexpanse/backend/expanse/routes/terminal.js
/Users/pizasukeruton/Desktop/theexpanse/backend/expanse/routes/councilChat.js
/Users/pizasukeruton/Desktop/theexpanse/backend/TSE/LearningDatabase.js
/Users/pizasukeruton/Desktop/theexpanse/backend/TSE/TeacherComponent.js
/Users/pizasukeruton/Desktop/theexpanse/backend/TSE/StudentComponent.js
/Users/pizasukeruton/Desktop/theexpanse/backend/TSE/TSELoopManager_BEFORE_KNOWLEDGE_CYCLE.js
/Users/pizasukeruton/Desktop/theexpanse/backend/TSE/index.js
/Users/pizasukeruton/Desktop/theexpanse/backend/TSE/bRollManager.js
/Users/pizasukeruton/Desktop/theexpanse/backend/TSE/PerformanceMonitor.js
/Users/pizasukeruton/Desktop/theexpanse/backend/TSE/TSELoopManager_CODING_BACKUP.js
/Users/pizasukeruton/Desktop/theexpanse/backend/TSE/TSELoopManager.js
/Users/pizasukeruton/Desktop/theexpanse/backend/TSE/modules/KnowledgeEngine.js
/Users/pizasukeruton/Desktop/theexpanse/backend/TSE/modules/codingTrainingModule.js
/Users/pizasukeruton/Desktop/theexpanse/backend/TSE/BeltProgressionManager.js
/Users/pizasukeruton/Desktop/theexpanse/backend/TSE/helpers/KnowledgeResponseEngine.js
/Users/pizasukeruton/Desktop/theexpanse/backend/TSE/helpers/CodeResponseGenerator.js
/Users/pizasukeruton/Desktop/theexpanse/backend/TSE/EvaluationComponent.js
/Users/pizasukeruton/Desktop/theexpanse/backend/knowledge/SpacedRepetitionScheduler.js
/Users/pizasukeruton/Desktop/theexpanse/backend/knowledge/MemoryDecayCalculator.js
/Users/pizasukeruton/Desktop/theexpanse/backend/knowledge/CognitiveLoadManager.js
/Users/pizasukeruton/Desktop/theexpanse/backend/knowledge/EmptySlotPopulator.js
/Users/pizasukeruton/Desktop/theexpanse/backend/knowledge/KnowledgeTransferManager.js
/Users/pizasukeruton/Desktop/theexpanse/backend/knowledge/KnowledgeAcquisitionEngine.js
/Users/pizasukeruton/Desktop/theexpanse/backend/engines/CharacterEngine_FIXED.js
/Users/pizasukeruton/Desktop/theexpanse/backend/engines/testEngine.js
/Users/pizasukeruton/Desktop/theexpanse/backend/engines/CharacterEngine.js
/Users/pizasukeruton/Desktop/theexpanse/backend/engines/testSimple.js
/Users/pizasukeruton/Desktop/theexpanse/backend/engines/CharacterEngine_TEST.js
/Users/pizasukeruton/Desktop/theexpanse/backend/db/knowledgeQueries.js
/Users/pizasukeruton/Desktop/theexpanse/backend/db/pool.js
/Users/pizasukeruton/Desktop/theexpanse/backend/api/narrative-progression.js
/Users/pizasukeruton/Desktop/theexpanse/backend/api/character-knowledge.js
/Users/pizasukeruton/Desktop/theexpanse/backend/api/narrative-paths.js
/Users/pizasukeruton/Desktop/theexpanse/backend/api/narrative-segments.js
/Users/pizasukeruton/Desktop/theexpanse/backend/api/character.js
/Users/pizasukeruton/Desktop/theexpanse/backend/api/narrative-router.js
/Users/pizasukeruton/Desktop/theexpanse/db/connection.cjs
/Users/pizasukeruton/Desktop/theexpanse/db/connection.js
/Users/pizasukeruton/Desktop/theexpanse/backups/backup-20251102-121339/routes/admin-pg.js
/Users/pizasukeruton/Desktop/theexpanse/backups/backup-20251102-121339/routes/auth.js
/Users/pizasukeruton/Desktop/theexpanse/backups/backup-20251102-121339/routes/adminCharacters.js
/Users/pizasukeruton/Desktop/theexpanse/backups/backup-20251102-121339/routes/terminal.js
/Users/pizasukeruton/Desktop/theexpanse/backups/backup-20251102-121339/routes/councilChat.js
/Users/pizasukeruton/Desktop/theexpanse/backups/backup-20251102-121339/routes/admin.js
/Users/pizasukeruton/Desktop/theexpanse/backups/backup-20251102-121339/routes/lore-admin.js
/Users/pizasukeruton/Desktop/theexpanse/routes/admin-pg.js
/Users/pizasukeruton/Desktop/theexpanse/routes/auth.js
/Users/pizasukeruton/Desktop/theexpanse/routes/adminCharacters.js
/Users/pizasukeruton/Desktop/theexpanse/routes/terminal.js
/Users/pizasukeruton/Desktop/theexpanse/routes/councilChat.js
/Users/pizasukeruton/Desktop/theexpanse/routes/admin.js
/Users/pizasukeruton/Desktop/theexpanse/routes/lore-admin.js
/Users/pizasukeruton/Desktop/theexpanse/reports/tse_audit_20251104_222450/copies/Users/pizasukeruton/Desktop/theexpanse/backend/expanse/routes/events.js
/Users/pizasukeruton/Desktop/theexpanse/reports/tse_audit_20251104_222450/copies/Users/pizasukeruton/Desktop/theexpanse/backend/expanse/routes/council.js
/Users/pizasukeruton/Desktop/theexpanse/reports/tse_audit_20251104_222450/copies/Users/pizasukeruton/Desktop/theexpanse/backend/expanse/routes/terminal.js
/Users/pizasukeruton/Desktop/theexpanse/reports/tse_audit_20251104_222450/copies/Users/pizasukeruton/Desktop/theexpanse/backend/expanse/routes/councilChat.js
/Users/pizasukeruton/Desktop/theexpanse/reports/tse_audit_20251104_222450/copies/Users/pizasukeruton/Desktop/theexpanse/backend/TSE/LearningDatabase.js
/Users/pizasukeruton/Desktop/theexpanse/reports/tse_audit_20251104_222450/copies/Users/pizasukeruton/Desktop/theexpanse/backend/TSE/TeacherComponent.js
/Users/pizasukeruton/Desktop/theexpanse/reports/tse_audit_20251104_222450/copies/Users/pizasukeruton/Desktop/theexpanse/backend/TSE/StudentComponent.js
/Users/pizasukeruton/Desktop/theexpanse/reports/tse_audit_20251104_222450/copies/Users/pizasukeruton/Desktop/theexpanse/backend/TSE/TSELoopManager_BEFORE_KNOWLEDGE_CYCLE.js
/Users/pizasukeruton/Desktop/theexpanse/reports/tse_audit_20251104_222450/copies/Users/pizasukeruton/Desktop/theexpanse/backend/TSE/index.js
/Users/pizasukeruton/Desktop/theexpanse/reports/tse_audit_20251104_222450/copies/Users/pizasukeruton/Desktop/theexpanse/backend/TSE/bRollManager.js
/Users/pizasukeruton/Desktop/theexpanse/reports/tse_audit_20251104_222450/copies/Users/pizasukeruton/Desktop/theexpanse/backend/TSE/PerformanceMonitor.js
/Users/pizasukeruton/Desktop/theexpanse/reports/tse_audit_20251104_222450/copies/Users/pizasukeruton/Desktop/theexpanse/backend/TSE/TSELoopManager_CODING_BACKUP.js
/Users/pizasukeruton/Desktop/theexpanse/reports/tse_audit_20251104_222450/copies/Users/pizasukeruton/Desktop/theexpanse/backend/TSE/TSELoopManager.js
/Users/pizasukeruton/Desktop/theexpanse/reports/tse_audit_20251104_222450/copies/Users/pizasukeruton/Desktop/theexpanse/backend/TSE/modules/KnowledgeEngine.js
/Users/pizasukeruton/Desktop/theexpanse/reports/tse_audit_20251104_222450/copies/Users/pizasukeruton/Desktop/theexpanse/backend/TSE/modules/codingTrainingModule.js
/Users/pizasukeruton/Desktop/theexpanse/reports/tse_audit_20251104_222450/copies/Users/pizasukeruton/Desktop/theexpanse/backend/TSE/BeltProgressionManager.js
/Users/pizasukeruton/Desktop/theexpanse/reports/tse_audit_20251104_222450/copies/Users/pizasukeruton/Desktop/theexpanse/backend/TSE/helpers/KnowledgeResponseEngine.js
/Users/pizasukeruton/Desktop/theexpanse/reports/tse_audit_20251104_222450/copies/Users/pizasukeruton/Desktop/theexpanse/backend/TSE/helpers/CodeResponseGenerator.js
/Users/pizasukeruton/Desktop/theexpanse/reports/tse_audit_20251104_222450/copies/Users/pizasukeruton/Desktop/theexpanse/backend/TSE/EvaluationComponent.js
/Users/pizasukeruton/Desktop/theexpanse/reports/tse_audit_20251104_222450/copies/Users/pizasukeruton/Desktop/theexpanse/backend/knowledge/SpacedRepetitionScheduler.js
/Users/pizasukeruton/Desktop/theexpanse/reports/tse_audit_20251104_222450/copies/Users/pizasukeruton/Desktop/theexpanse/backend/knowledge/MemoryDecayCalculator.js
/Users/pizasukeruton/Desktop/theexpanse/reports/tse_audit_20251104_222450/copies/Users/pizasukeruton/Desktop/theexpanse/backend/knowledge/CognitiveLoadManager.js
/Users/pizasukeruton/Desktop/theexpanse/reports/tse_audit_20251104_222450/copies/Users/pizasukeruton/Desktop/theexpanse/backend/knowledge/EmptySlotPopulator.js
/Users/pizasukeruton/Desktop/theexpanse/reports/tse_audit_20251104_222450/copies/Users/pizasukeruton/Desktop/theexpanse/backend/knowledge/KnowledgeTransferManager.js
/Users/pizasukeruton/Desktop/theexpanse/reports/tse_audit_20251104_222450/copies/Users/pizasukeruton/Desktop/theexpanse/backend/knowledge/KnowledgeAcquisitionEngine.js
/Users/pizasukeruton/Desktop/theexpanse/reports/tse_audit_20251104_222450/copies/Users/pizasukeruton/Desktop/theexpanse/backend/engines/CharacterEngine_FIXED.js
/Users/pizasukeruton/Desktop/theexpanse/reports/tse_audit_20251104_222450/copies/Users/pizasukeruton/Desktop/theexpanse/backend/engines/testEngine.js
/Users/pizasukeruton/Desktop/theexpanse/reports/tse_audit_20251104_222450/copies/Users/pizasukeruton/Desktop/theexpanse/backend/engines/CharacterEngine.js
/Users/pizasukeruton/Desktop/theexpanse/reports/tse_audit_20251104_222450/copies/Users/pizasukeruton/Desktop/theexpanse/backend/engines/testSimple.js
/Users/pizasukeruton/Desktop/theexpanse/reports/tse_audit_20251104_222450/copies/Users/pizasukeruton/Desktop/theexpanse/backend/engines/CharacterEngine_TEST.js
/Users/pizasukeruton/Desktop/theexpanse/reports/tse_audit_20251104_222450/copies/Users/pizasukeruton/Desktop/theexpanse/backend/db/knowledgeQueries.js
/Users/pizasukeruton/Desktop/theexpanse/reports/tse_audit_20251104_222450/copies/Users/pizasukeruton/Desktop/theexpanse/backend/db/pool.js
/Users/pizasukeruton/Desktop/theexpanse/reports/tse_audit_20251104_222450/copies/Users/pizasukeruton/Desktop/theexpanse/backend/api/narrative-progression.js
/Users/pizasukeruton/Desktop/theexpanse/reports/tse_audit_20251104_222450/copies/Users/pizasukeruton/Desktop/theexpanse/backend/api/character-knowledge.js
/Users/pizasukeruton/Desktop/theexpanse/reports/tse_audit_20251104_222450/copies/Users/pizasukeruton/Desktop/theexpanse/backend/api/narrative-paths.js
/Users/pizasukeruton/Desktop/theexpanse/reports/tse_audit_20251104_222450/copies/Users/pizasukeruton/Desktop/theexpanse/backend/api/narrative-segments.js
/Users/pizasukeruton/Desktop/theexpanse/reports/tse_audit_20251104_222450/copies/Users/pizasukeruton/Desktop/theexpanse/backend/api/character.js
/Users/pizasukeruton/Desktop/theexpanse/reports/tse_audit_20251104_222450/copies/Users/pizasukeruton/Desktop/theexpanse/backend/api/narrative-router.js
/Users/pizasukeruton/Desktop/theexpanse/reports/tse_audit_20251104_222450/copies/Users/pizasukeruton/Desktop/theexpanse/db/connection.cjs
/Users/pizasukeruton/Desktop/theexpanse/reports/tse_audit_20251104_222450/copies/Users/pizasukeruton/Desktop/theexpanse/db/connection.js
/Users/pizasukeruton/Desktop/theexpanse/reports/tse_audit_20251104_222450/copies/Users/pizasukeruton/Desktop/theexpanse/backups/backup-20251102-121339/routes/admin-pg.js
/Users/pizasukeruton/Desktop/theexpanse/reports/tse_audit_20251104_222450/copies/Users/pizasukeruton/Desktop/theexpanse/backups/backup-20251102-121339/routes/auth.js
/Users/pizasukeruton/Desktop/theexpanse/reports/tse_audit_20251104_222450/copies/Users/pizasukeruton/Desktop/theexpanse/backups/backup-20251102-121339/routes/adminCharacters.js
/Users/pizasukeruton/Desktop/theexpanse/reports/tse_audit_20251104_222450/copies/Users/pizasukeruton/Desktop/theexpanse/backups/backup-20251102-121339/routes/terminal.js
/Users/pizasukeruton/Desktop/theexpanse/reports/tse_audit_20251104_222450/copies/Users/pizasukeruton/Desktop/theexpanse/backups/backup-20251102-121339/routes/councilChat.js
/Users/pizasukeruton/Desktop/theexpanse/reports/tse_audit_20251104_222450/copies/Users/pizasukeruton/Desktop/theexpanse/backups/backup-20251102-121339/routes/admin.js
/Users/pizasukeruton/Desktop/theexpanse/reports/tse_audit_20251104_222450/copies/Users/pizasukeruton/Desktop/theexpanse/backups/backup-20251102-121339/routes/lore-admin.js
/Users/pizasukeruton/Desktop/theexpanse/reports/tse_audit_20251104_222450/copies/Users/pizasukeruton/Desktop/theexpanse/routes/admin-pg.js
/Users/pizasukeruton/Desktop/theexpanse/reports/tse_audit_20251104_222450/copies/Users/pizasukeruton/Desktop/theexpanse/routes/auth.js
/Users/pizasukeruton/Desktop/theexpanse/reports/tse_audit_20251104_222450/copies/Users/pizasukeruton/Desktop/theexpanse/routes/adminCharacters.js
/Users/pizasukeruton/Desktop/theexpanse/reports/tse_audit_20251104_222450/copies/Users/pizasukeruton/Desktop/theexpanse/routes/terminal.js
/Users/pizasukeruton/Desktop/theexpanse/reports/tse_audit_20251104_222450/copies/Users/pizasukeruton/Desktop/theexpanse/routes/councilChat.js
/Users/pizasukeruton/Desktop/theexpanse/reports/tse_audit_20251104_222450/copies/Users/pizasukeruton/Desktop/theexpanse/routes/admin.js
/Users/pizasukeruton/Desktop/theexpanse/reports/tse_audit_20251104_222450/copies/Users/pizasukeruton/Desktop/theexpanse/routes/lore-admin.js
